[18:21:58] [main/INFO] (FabricLoader/GameProvider) Loading Minecraft 26.1 with Fabric Loader 0.18.5
[18:21:58] [main/INFO] (FabricLoader/Mappings) Mappings not present!
[18:21:58] [main/INFO] (FabricLoader) Loading 56 mods:
	- cloth-basic-math 0.6.1
	- cloth-config 26.1.154
	- enchants_and_expeditions 26.1-r1.0-fabric
	- fabric-api 0.145.1+26.1
	- fabric-api-base 2.0.3+ece0632347
	- fabric-api-lookup-api-v1 2.0.10+d5a053b647
	- fabric-biome-api-v1 18.0.4+35c80edc47
	- fabric-block-api-v1 3.0.2+ec56b60147
	- fabric-block-getter-api-v2 2.0.6+ec56b60147
	- fabric-client-gametest-api-v1 5.0.13+ff4eae5a47
	- fabric-command-api-v2 3.0.5+e2bdee7847
	- fabric-content-registries-v0 11.0.12+d871b99e47
	- fabric-convention-tags-v2 4.3.2+c37e6e5f47
	- fabric-crash-report-info-v1 1.0.3+9f78a5a847
	- fabric-creative-tab-api-v1 5.0.10+d871b99e47
	- fabric-data-attachment-api-v1 2.2.3+d602a89647
	- fabric-data-generation-api-v1 24.0.17+35c80edc47
	- fabric-debug-api-v1 1.0.1+c792624d47
	- fabric-dimensions-v1 5.1.4+9cbf5da547
	- fabric-entity-events-v1 5.0.2+e2bdee7847
	- fabric-events-interaction-v0 5.1.10+c82f046147
	- fabric-game-rule-api-v1 4.0.5+d871b99e47
	- fabric-gametest-api-v1 4.0.13+00a1fba647
	- fabric-item-api-v1 14.1.0+9833182c47
	- fabric-key-mapping-api-v1 2.0.4+e2bdee7847
	- fabric-lifecycle-events-v1 4.0.6+a9b9c17647
	- fabric-loot-api-v3 3.0.11+00a1fba647
	- fabric-menu-api-v1 2.0.12+d871b99e47
	- fabric-message-api-v1 7.0.5+dae8ce3e47
	- fabric-model-loading-api-v1 8.0.1+c7e428fd47
	- fabric-networking-api-v1 6.3.0+50a808ce47
	- fabric-object-builder-api-v1 23.0.13+b61fef4347
	- fabric-particles-v1 5.0.14+b61fef4347
	- fabric-recipe-api-v1 9.0.13+be4b75ae47
	- fabric-registry-sync-v0 7.0.12+b61fef4347
	- fabric-renderer-api-v1 12.0.0+51b152e147
	- fabric-renderer-indigo 8.0.0+51b152e147
	- fabric-rendering-fluids-v1 6.0.1+d871b99e47
	- fabric-rendering-v1 23.0.4+c7e428fd47
	- fabric-resource-conditions-api-v1 6.0.5+00a1fba647
	- fabric-resource-loader-v0 3.3.16+4fc5413f47
	- fabric-resource-loader-v1 2.0.9+d871b99e47
	- fabric-screen-api-v1 5.0.1+d871b99e47
	- fabric-serialization-api-v1 2.0.3+11a26f3147
	- fabric-sound-api-v1 2.0.4+11a26f3147
	- fabric-tag-api-v1 2.0.9+11a26f3147
	- fabric-transfer-api-v1 8.0.2+d871b99e47
	- fabric-transitive-access-wideners-v1 8.0.11+d871b99e47
	- fabricloader 0.18.5
	- item_tooltips 26.1-r2.1-fabric
	- java 25
	- minecraft 26.1
	- mixinextras 0.5.3
	- modmenu 18.0.0-alpha.8
	   \-- placeholder-api 3.0.0-beta.2+26.1
	- unified 26.1-r3.0-fabric
[18:21:58] [main/WARN] (FabricLoader/ModRemap) Runtime mod remapping disabled due to no fabric.remapClasspathFile being specified. You may need to update loom.
[18:21:58] [main/INFO] (FabricLoader/Mixin) SpongePowered MIXIN Subsystem Version=0.8.7 Source=file:/C:/Users/bryce/.gradle/caches/modules-2/files-2.1/net.fabricmc/sponge-mixin/0.17.0+mixin.0.8.7/cf31463202f72d03b0ef1e1e38e8ee71b7faaab6/sponge-mixin-0.17.0+mixin.0.8.7.jar Service=Knot/Fabric Env=CLIENT
[18:21:58] [main/WARN] (FabricLoader/Mixin) The requested compatibility level JAVA_25 is higher than the level supported by the active subsystem 'Knot/Fabric' which supports JAVA_22. This is not a supported configuration and instability may occur.
[18:21:58] [main/INFO] (FabricLoader/Mixin) Compatibility level set to JAVA_25
[18:21:58] [main/WARN] (FabricLoader/Mixin) Error loading class: mezz/jei/fabric/platform/RenderHelper (java.lang.ClassNotFoundException: mezz/jei/fabric/platform/RenderHelper)
[18:21:58] [main/WARN] (FabricLoader/Mixin) @Mixin target mezz.jei.fabric.platform.RenderHelper was not found item_tooltips-fabric.mixins.json:integration.jei.RenderHelperMixin from mod item_tooltips
[18:21:58] [main/INFO] (FabricLoader/MixinExtras|Service) Initializing MixinExtras via com.llamalad7.mixinextras.service.MixinExtrasServiceImpl(version=0.5.3).
[18:21:59] [Datafixer Bootstrap/INFO] (Minecraft) 291 Datafixer optimizations took 151 milliseconds
[18:22:01] [Render thread/INFO] (Minecraft) Environment: Environment[sessionHost=https://sessionserver.mojang.com, servicesHost=https://api.minecraftservices.com, profilesHost=https://api.mojang.com, name=PROD]
[18:22:01] [Render thread/INFO] (Minecraft) Setting user: Player751
[18:22:01] [Render thread/INFO] (Mod Menu/Update Checker) Checking mod updates...
[18:22:01] [Render thread/INFO] (Indigo) [Indigo] Registering Indigo renderer!
[18:22:01] [ModMenu/Update Checker/Fabric Loader/INFO] (Mod Menu/Update Checker) Update available for 'fabricloader@0.18.5'
[18:22:02] [Render thread/INFO] (Minecraft) Backend library: LWJGL version 3.4.1-snapshot
[18:22:02] [Download-2/ERROR] (Minecraft) Failed to fetch user properties
com.mojang.authlib.exceptions.InvalidCredentialsException: Status: 401
	at knot//com.mojang.authlib.exceptions.MinecraftClientHttpException.toAuthenticationException(MinecraftClientHttpException.java:59)
	at knot//com.mojang.authlib.yggdrasil.YggdrasilUserApiService.fetchProperties(YggdrasilUserApiService.java:150)
	at knot//net.minecraft.client.Minecraft.lambda$new$1(Minecraft.java:459)
	at java.base/java.util.concurrent.CompletableFuture$AsyncSupply.run(CompletableFuture.java:1789)
	at java.base/java.util.concurrent.ThreadPoolExecutor.runWorker(ThreadPoolExecutor.java:1090)
	at java.base/java.util.concurrent.ThreadPoolExecutor$Worker.run(ThreadPoolExecutor.java:614)
	at java.base/java.lang.Thread.run(Thread.java:1474)
Caused by: com.mojang.authlib.exceptions.MinecraftClientHttpException: Status: 401
	at knot//com.mojang.authlib.minecraft.client.MinecraftClient.readInputStream(MinecraftClient.java:103)
	at knot//com.mojang.authlib.minecraft.client.MinecraftClient.get(MinecraftClient.java:56)
	at knot//com.mojang.authlib.yggdrasil.YggdrasilUserApiService.fetchProperties(YggdrasilUserApiService.java:121)
	... 5 more
[18:22:02] [Download-3/INFO] (Mod Menu/Update Checker) Update available for 'unified@26.1-r3.0-fabric', (-> 26.1-r3.0.1-fabric)
[18:22:02] [Download-3/INFO] (Mod Menu/Update Checker) Update available for 'fabric-api@0.145.1+26.1', (-> 0.146.1+26.1.2)
[18:22:02] [Render thread/INFO] (Minecraft) Using optional rendering extensions: GL_ARB_buffer_storage, GL_KHR_debug, GL_ARB_vertex_attrib_binding, GL_ARB_direct_state_access, GL_EXT_texture_filter_anisotropic
[18:22:02] [Render thread/WARN] (Minecraft) Missing translation key for rename: item.minecraft.dune_armor_trim_smithing_template.new
[18:22:02] [Render thread/WARN] (Minecraft) Missing translation key for rename: item.minecraft.eye_armor_trim_smithing_template.new
[18:22:02] [Render thread/WARN] (Minecraft) Missing translation key for rename: item.minecraft.flow_armor_trim_smithing_template.new
[18:22:02] [Render thread/WARN] (Minecraft) Missing translation key for rename: item.minecraft.bolt_armor_trim_smithing_template.new
[18:22:02] [Render thread/WARN] (Minecraft) Missing translation key for rename: item.minecraft.host_armor_trim_smithing_template.new
[18:22:02] [Render thread/WARN] (Minecraft) Missing translation key for rename: item.minecraft.netherite_upgrade_smithing_template.new
[18:22:02] [Render thread/WARN] (Minecraft) Missing translation key for rename: item.minecraft.raiser_armor_trim_smithing_template.new
[18:22:02] [Render thread/WARN] (Minecraft) Missing translation key for rename: item.minecraft.rib_armor_trim_smithing_template.new
[18:22:02] [Render thread/WARN] (Minecraft) Missing translation key for rename: item.minecraft.sentry_armor_trim_smithing_template.new
[18:22:02] [Render thread/WARN] (Minecraft) Missing translation key for rename: item.minecraft.shaper_armor_trim_smithing_template.new
[18:22:02] [Render thread/WARN] (Minecraft) Missing translation key for rename: item.minecraft.silence_armor_trim_smithing_template.new
[18:22:02] [Render thread/WARN] (Minecraft) Missing translation key for rename: item.minecraft.snout_armor_trim_smithing_template.new
[18:22:02] [Render thread/WARN] (Minecraft) Missing translation key for rename: item.minecraft.spire_armor_trim_smithing_template.new
[18:22:02] [Render thread/WARN] (Minecraft) Missing translation key for rename: item.minecraft.tide_armor_trim_smithing_template.new
[18:22:02] [Render thread/WARN] (Minecraft) Missing translation key for rename: item.minecraft.vex_armor_trim_smithing_template.new
[18:22:02] [Render thread/WARN] (Minecraft) Missing translation key for rename: item.minecraft.ward_armor_trim_smithing_template.new
[18:22:02] [Render thread/WARN] (Minecraft) Missing translation key for rename: item.minecraft.wayfinder_armor_trim_smithing_template.new
[18:22:02] [Render thread/WARN] (Minecraft) Missing translation key for rename: item.minecraft.wild_armor_trim_smithing_template.new
[18:22:02] [Render thread/WARN] (Minecraft) Missing translation key for rename: item.minecraft.coast_armor_trim_smithing_template.new
[18:22:02] [Render thread/WARN] (Minecraft) Missing translation key for rename: item.minecraft.creeper_banner_pattern.new
[18:22:02] [Render thread/WARN] (Minecraft) Missing translation key for rename: item.minecraft.flow_banner_pattern.new
[18:22:02] [Render thread/WARN] (Minecraft) Missing translation key for rename: item.minecraft.flower_banner_pattern.new
[18:22:02] [Render thread/WARN] (Minecraft) Missing translation key for rename: item.minecraft.globe_banner_pattern.new
[18:22:02] [Render thread/WARN] (Minecraft) Missing translation key for rename: item.minecraft.guster_banner_pattern.new
[18:22:02] [Render thread/WARN] (Minecraft) Missing translation key for rename: item.minecraft.mojang_banner_pattern.new
[18:22:02] [Render thread/WARN] (Minecraft) Missing translation key for rename: item.minecraft.piglin_banner_pattern.new
[18:22:02] [Render thread/WARN] (Minecraft) Missing translation key for rename: item.minecraft.skull_banner_pattern.new
[18:22:02] [Render thread/WARN] (Minecraft) Missing translation key for rename: lanServer.port.unavailable.new
[18:22:02] [Render thread/WARN] (Minecraft) Missing translation key for rename: lanServer.port.invalid.new
[18:22:02] [Render thread/WARN] (Minecraft) Missing translation key for rename: multiplayer.disconnect.invalid_public_key_signature.new
[18:22:02] [Render thread/WARN] (Minecraft) Missing translation key for rename: selectWorld.allowCommands.new
[18:22:02] [Render thread/WARN] (Minecraft) Missing translation key for rename: gui.abuseReport.reason.generic
[18:22:02] [Render thread/WARN] (Minecraft) Missing translation key for rename: gui.abuseReport.reason.generic.description
[18:22:02] [Render thread/WARN] (Minecraft) Missing translation key for rename: commands.drop.no_loot_table
[18:22:02] [Render thread/WARN] (Minecraft) Missing translation key for rename: item.op_block_warning.line1
[18:22:02] [Render thread/WARN] (Minecraft) Missing translation key for rename: item.op_block_warning.line2
[18:22:02] [Render thread/WARN] (Minecraft) Missing translation key for rename: item.op_block_warning.line3
[18:22:02] [Render thread/WARN] (Minecraft) Missing translation key for rename: container.shulkerBox.unknownContents
[18:22:02] [Render thread/WARN] (Minecraft) Missing translation key for rename: container.shulkerBox.itemCount
[18:22:02] [Render thread/WARN] (Minecraft) Missing translation key for rename: container.shulkerBox.more
[18:22:02] [Render thread/WARN] (Minecraft) Missing translation key for rename: advancements.nether.use_lodestone.description
[18:22:02] [Render thread/WARN] (Minecraft) Missing translation key for rename: advancements.nether.use_lodestone.title
[18:22:02] [Render thread/WARN] (Minecraft) Missing translation key for rename: subtitles.block.sand.wind
[18:22:02] [Render thread/WARN] (Minecraft) Missing translation key for rename: snbt.parser.undescore_not_allowed
[18:22:02] [Render thread/WARN] (Minecraft) Missing translation key for rename: commands.setworldspawn.success.new
[18:22:02] [Render thread/WARN] (Minecraft) Missing translation key for rename: commands.spawnpoint.success.multiple.new
[18:22:02] [Render thread/WARN] (Minecraft) Missing translation key for rename: commands.spawnpoint.success.single.new
[18:22:02] [Render thread/WARN] (Minecraft) Missing translation key for rename: debug.crash.message.rebindable
[18:22:02] [Render thread/WARN] (Minecraft) Missing translation key for rename: debug.profiling.start.rebindable
[18:22:02] [Render thread/WARN] (Minecraft) Missing translation key for rename: subtitles.item.underwater_saddle.equip
[18:22:02] [Render thread/WARN] (Minecraft) Missing translation key for rename: gamerule.mobGriefing
[18:22:02] [Render thread/WARN] (Minecraft) Missing translation key for rename: gamerule.keepInventory
[18:22:02] [Render thread/WARN] (Minecraft) Missing translation key for rename: gamerule.doMobSpawning
[18:22:02] [Render thread/WARN] (Minecraft) Missing translation key for rename: gamerule.doMobLoot
[18:22:02] [Render thread/WARN] (Minecraft) Missing translation key for rename: gamerule.projectilesCanBreakBlocks
[18:22:02] [Render thread/WARN] (Minecraft) Missing translation key for rename: gamerule.doTileDrops
[18:22:02] [Render thread/WARN] (Minecraft) Missing translation key for rename: gamerule.doEntityDrops
[18:22:02] [Render thread/WARN] (Minecraft) Missing translation key for rename: gamerule.commandBlockOutput
[18:22:02] [Render thread/WARN] (Minecraft) Missing translation key for rename: gamerule.naturalRegeneration
[18:22:02] [Render thread/WARN] (Minecraft) Missing translation key for rename: gamerule.doDaylightCycle
[18:22:02] [Render thread/WARN] (Minecraft) Missing translation key for rename: gamerule.logAdminCommands
[18:22:02] [Render thread/WARN] (Minecraft) Missing translation key for rename: gamerule.showDeathMessages
[18:22:02] [Render thread/WARN] (Minecraft) Missing translation key for rename: gamerule.randomTickSpeed
[18:22:02] [Render thread/WARN] (Minecraft) Missing translation key for rename: gamerule.sendCommandFeedback
[18:22:02] [Render thread/WARN] (Minecraft) Missing translation key for rename: gamerule.reducedDebugInfo
[18:22:02] [Render thread/WARN] (Minecraft) Missing translation key for rename: gamerule.spectatorsGenerateChunks
[18:22:02] [Render thread/WARN] (Minecraft) Missing translation key for rename: gamerule.spawnRadius
[18:22:02] [Render thread/WARN] (Minecraft) Missing translation key for rename: gamerule.maxEntityCramming
[18:22:02] [Render thread/WARN] (Minecraft) Missing translation key for rename: gamerule.doWeatherCycle
[18:22:02] [Render thread/WARN] (Minecraft) Missing translation key for rename: gamerule.doLimitedCrafting
[18:22:02] [Render thread/WARN] (Minecraft) Missing translation key for rename: gamerule.maxCommandChainLength
[18:22:02] [Render thread/WARN] (Minecraft) Missing translation key for rename: gamerule.maxCommandForkCount
[18:22:02] [Render thread/WARN] (Minecraft) Missing translation key for rename: gamerule.commandModificationBlockLimit
[18:22:02] [Render thread/WARN] (Minecraft) Missing translation key for rename: gamerule.announceAdvancements
[18:22:02] [Render thread/WARN] (Minecraft) Missing translation key for rename: gamerule.doInsomnia
[18:22:02] [Render thread/WARN] (Minecraft) Missing translation key for rename: gamerule.doImmediateRespawn
[18:22:02] [Render thread/WARN] (Minecraft) Missing translation key for rename: gamerule.playersNetherPortalDefaultDelay
[18:22:02] [Render thread/WARN] (Minecraft) Missing translation key for rename: gamerule.playersNetherPortalCreativeDelay
[18:22:02] [Render thread/WARN] (Minecraft) Missing translation key for rename: gamerule.drowningDamage
[18:22:02] [Render thread/WARN] (Minecraft) Missing translation key for rename: gamerule.fallDamage
[18:22:02] [Render thread/WARN] (Minecraft) Missing translation key for rename: gamerule.fireDamage
[18:22:02] [Render thread/WARN] (Minecraft) Missing translation key for rename: gamerule.freezeDamage
[18:22:02] [Render thread/WARN] (Minecraft) Missing translation key for rename: gamerule.doPatrolSpawning
[18:22:02] [Render thread/WARN] (Minecraft) Missing translation key for rename: gamerule.doTraderSpawning
[18:22:02] [Render thread/WARN] (Minecraft) Missing translation key for rename: gamerule.doWardenSpawning
[18:22:02] [Render thread/WARN] (Minecraft) Missing translation key for rename: gamerule.forgiveDeadPlayers
[18:22:02] [Render thread/WARN] (Minecraft) Missing translation key for rename: gamerule.universalAnger
[18:22:02] [Render thread/WARN] (Minecraft) Missing translation key for rename: gamerule.playersSleepingPercentage
[18:22:02] [Render thread/WARN] (Minecraft) Missing translation key for rename: gamerule.blockExplosionDropDecay
[18:22:02] [Render thread/WARN] (Minecraft) Missing translation key for rename: gamerule.mobExplosionDropDecay
[18:22:02] [Render thread/WARN] (Minecraft) Missing translation key for rename: gamerule.tntExplosionDropDecay
[18:22:02] [Render thread/WARN] (Minecraft) Missing translation key for rename: gamerule.snowAccumulationHeight
[18:22:02] [Render thread/WARN] (Minecraft) Missing translation key for rename: gamerule.waterSourceConversion
[18:22:02] [Render thread/WARN] (Minecraft) Missing translation key for rename: gamerule.lavaSourceConversion
[18:22:02] [Render thread/WARN] (Minecraft) Missing translation key for rename: gamerule.globalSoundEvents
[18:22:02] [Render thread/WARN] (Minecraft) Missing translation key for rename: gamerule.doVinesSpread
[18:22:02] [Render thread/WARN] (Minecraft) Missing translation key for rename: gamerule.enderPearlsVanishOnDeath
[18:22:02] [Render thread/WARN] (Minecraft) Missing translation key for rename: gamerule.minecartMaxSpeed
[18:22:02] [Render thread/WARN] (Minecraft) Missing translation key for rename: gamerule.tntExplodes
[18:22:02] [Render thread/WARN] (Minecraft) Missing translation key for rename: gamerule.locatorBar
[18:22:02] [Render thread/WARN] (Minecraft) Missing translation key for rename: gamerule.pvp
[18:22:02] [Render thread/WARN] (Minecraft) Missing translation key for rename: gamerule.allowEnteringNetherUsingPortals
[18:22:02] [Render thread/WARN] (Minecraft) Missing translation key for rename: gamerule.spawnMonsters
[18:22:02] [Render thread/WARN] (Minecraft) Missing translation key for rename: gamerule.commandBlocksEnabled
[18:22:02] [Render thread/WARN] (Minecraft) Missing translation key for rename: gamerule.spawnerBlocksEnabled
[18:22:02] [Render thread/WARN] (Minecraft) Missing translation key for rename: gamerule.allowFireTicksAwayFromPlayer.description
[18:22:02] [Render thread/WARN] (Minecraft) Missing translation key for rename: gamerule.doMobSpawning.description
[18:22:02] [Render thread/WARN] (Minecraft) Missing translation key for rename: gamerule.doMobLoot.description
[18:22:02] [Render thread/WARN] (Minecraft) Missing translation key for rename: gamerule.projectilesCanBreakBlocks.description
[18:22:02] [Render thread/WARN] (Minecraft) Missing translation key for rename: gamerule.doTileDrops.description
[18:22:02] [Render thread/WARN] (Minecraft) Missing translation key for rename: gamerule.doEntityDrops.description
[18:22:02] [Render thread/WARN] (Minecraft) Missing translation key for rename: gamerule.reducedDebugInfo.description
[18:22:02] [Render thread/WARN] (Minecraft) Missing translation key for rename: gamerule.spawnRadius.description
[18:22:02] [Render thread/WARN] (Minecraft) Missing translation key for rename: gamerule.doLimitedCrafting.description
[18:22:02] [Render thread/WARN] (Minecraft) Missing translation key for rename: gamerule.maxCommandChainLength.description
[18:22:02] [Render thread/WARN] (Minecraft) Missing translation key for rename: gamerule.maxCommandForkCount.description
[18:22:02] [Render thread/WARN] (Minecraft) Missing translation key for rename: gamerule.commandModificationBlockLimit.description
[18:22:02] [Render thread/WARN] (Minecraft) Missing translation key for rename: gamerule.playersNetherPortalDefaultDelay.description
[18:22:02] [Render thread/WARN] (Minecraft) Missing translation key for rename: gamerule.playersNetherPortalCreativeDelay.description
[18:22:02] [Render thread/WARN] (Minecraft) Missing translation key for rename: gamerule.forgiveDeadPlayers.description
[18:22:02] [Render thread/WARN] (Minecraft) Missing translation key for rename: gamerule.playersSleepingPercentage.description
[18:22:02] [Render thread/WARN] (Minecraft) Missing translation key for rename: gamerule.blockExplosionDropDecay.description
[18:22:02] [Render thread/WARN] (Minecraft) Missing translation key for rename: gamerule.mobExplosionDropDecay.description
[18:22:02] [Render thread/WARN] (Minecraft) Missing translation key for rename: gamerule.tntExplosionDropDecay.description
[18:22:02] [Render thread/WARN] (Minecraft) Missing translation key for rename: gamerule.snowAccumulationHeight.description
[18:22:02] [Render thread/WARN] (Minecraft) Missing translation key for rename: gamerule.waterSourceConversion.description
[18:22:02] [Render thread/WARN] (Minecraft) Missing translation key for rename: gamerule.lavaSourceConversion.description
[18:22:02] [Render thread/WARN] (Minecraft) Missing translation key for rename: gamerule.globalSoundEvents.description
[18:22:02] [Render thread/WARN] (Minecraft) Missing translation key for rename: gamerule.doVinesSpread.description
[18:22:02] [Render thread/WARN] (Minecraft) Missing translation key for rename: gamerule.enderPearlsVanishOnDeath.description
[18:22:02] [Render thread/WARN] (Minecraft) Missing translation key for rename: gamerule.minecartMaxSpeed.description
[18:22:02] [Render thread/WARN] (Minecraft) Missing translation key for rename: gamerule.locatorBar.description
[18:22:02] [Render thread/WARN] (Minecraft) Missing translation key for rename: gamerule.pvp.description
[18:22:02] [Render thread/WARN] (Minecraft) Missing translation key for rename: gamerule.allowEnteringNetherUsingPortals.description
[18:22:02] [Render thread/WARN] (Minecraft) Missing translation key for rename: gamerule.spawnMonsters.description
[18:22:02] [Render thread/WARN] (Minecraft) Missing translation key for rename: gamerule.category.chat
[18:22:02] [Render thread/WARN] (Minecraft) Missing translation key for rename: gamerule.category.drops
[18:22:02] [Render thread/WARN] (Minecraft) Missing translation key for rename: gamerule.category.misc
[18:22:02] [Render thread/WARN] (Minecraft) Missing translation key for rename: gamerule.category.mobs
[18:22:02] [Render thread/WARN] (Minecraft) Missing translation key for rename: gamerule.category.player
[18:22:02] [Render thread/WARN] (Minecraft) Missing translation key for rename: gamerule.category.spawning
[18:22:02] [Render thread/WARN] (Minecraft) Missing translation key for rename: gamerule.category.updates
[18:22:02] [Render thread/WARN] (Minecraft) Missing translation key for rename: selecteWorld.backupRequiredTooltip
[18:22:02] [Render thread/WARN] (Minecraft) Missing translation key for rename: subtitles.entity.baby_chicken.hurts
[18:22:02] [Render thread/INFO] (Minecraft) Reloading ResourceManager: vanilla, cloth-config, enchants_and_expeditions, fabric-api, fabric-api-base, fabric-api-lookup-api-v1, fabric-biome-api-v1, fabric-block-api-v1, fabric-block-getter-api-v2, fabric-client-gametest-api-v1, fabric-command-api-v2, fabric-content-registries-v0, fabric-convention-tags-v2, fabric-crash-report-info-v1, fabric-creative-tab-api-v1, fabric-data-attachment-api-v1, fabric-data-generation-api-v1, fabric-debug-api-v1, fabric-dimensions-v1, fabric-entity-events-v1, fabric-events-interaction-v0, fabric-game-rule-api-v1, fabric-gametest-api-v1, fabric-item-api-v1, fabric-key-mapping-api-v1, fabric-lifecycle-events-v1, fabric-loot-api-v3, fabric-menu-api-v1, fabric-message-api-v1, fabric-model-loading-api-v1, fabric-networking-api-v1, fabric-object-builder-api-v1, fabric-particles-v1, fabric-recipe-api-v1, fabric-registry-sync-v0, fabric-renderer-api-v1, fabric-renderer-indigo, fabric-rendering-fluids-v1, fabric-rendering-v1, fabric-resource-conditions-api-v1, fabric-resource-loader-v0, fabric-resource-loader-v1, fabric-screen-api-v1, fabric-serialization-api-v1, fabric-sound-api-v1, fabric-tag-api-v1, fabric-transfer-api-v1, fabric-transitive-access-wideners-v1, fabricloader, item_tooltips, modmenu, placeholder-api, enchants_and_expeditions:item_tooltips_overrides
[18:22:02] [Worker-Main-21/INFO] (Minecraft) Found unifont_pua-17.0.01.hex, loading
[18:22:02] [Worker-Main-20/INFO] (Minecraft) Found unifont_all_no_pua-17.0.01.hex, loading
[18:22:03] [Worker-Main-4/INFO] (Minecraft) Found unifont_jp_patch-17.0.01.hex, loading
[18:22:03] [Render thread/INFO] (Minecraft) OpenAL initialized on device OpenAL Soft on Speakers (Beoplay Portal Link C)
[18:22:03] [Render thread/INFO] (Minecraft) Sound engine started
[18:22:03] [Render thread/INFO] (Minecraft) Created: 512x256x0 minecraft:textures/atlas/particles.png-atlas
[18:22:03] [Render thread/INFO] (Minecraft) Created: 128x128x0 minecraft:textures/atlas/decorated_pot.png-atlas
[18:22:03] [Render thread/INFO] (Minecraft) Created: 2048x1024x0 minecraft:textures/atlas/armor_trims.png-atlas
[18:22:03] [Render thread/INFO] (Minecraft) Created: 512x256x0 minecraft:textures/atlas/paintings.png-atlas
[18:22:03] [Download-3/INFO] (Minecraft) Could not authorize you against Realms server: java.lang.RuntimeException: Failed to parse into SignedJWT: FabricMC
[18:22:03] [Download-3/ERROR] (Minecraft) Failed to fetch Realms feature flags
com.mojang.realmsclient.exception.RealmsServiceException: Realms authentication error with message 'java.lang.RuntimeException: Failed to parse into SignedJWT: FabricMC'
	at knot//com.mojang.realmsclient.client.RealmsClient.execute(RealmsClient.java:526)
	at knot//com.mojang.realmsclient.client.RealmsClient.fetchFeatureFlags(RealmsClient.java:186)
	at java.base/java.util.concurrent.CompletableFuture$AsyncSupply.run(CompletableFuture.java:1789)
	at java.base/java.util.concurrent.ThreadPoolExecutor.runWorker(ThreadPoolExecutor.java:1090)
	at java.base/java.util.concurrent.ThreadPoolExecutor$Worker.run(ThreadPoolExecutor.java:614)
	at java.base/java.lang.Thread.run(Thread.java:1474)
[18:22:03] [Render thread/INFO] (Minecraft) Created: 1024x512x0 minecraft:textures/atlas/shield_patterns.png-atlas
[18:22:03] [Render thread/INFO] (Minecraft) Created: 2048x2048x4 minecraft:textures/atlas/blocks.png-atlas
[18:22:03] [Render thread/INFO] (Minecraft) Created: 512x512x0 minecraft:textures/atlas/chest.png-atlas
[18:22:03] [Render thread/INFO] (Minecraft) Created: 256x128x0 minecraft:textures/atlas/celestials.png-atlas
[18:22:03] [Render thread/INFO] (Minecraft) Created: 1024x512x0 minecraft:textures/atlas/banner_patterns.png-atlas
[18:22:03] [Render thread/INFO] (Minecraft) Created: 512x512x0 minecraft:textures/atlas/beds.png-atlas
[18:22:03] [Render thread/INFO] (Minecraft) Created: 1024x512x0 minecraft:textures/atlas/items.png-atlas
[18:22:03] [Render thread/INFO] (Minecraft) Created: 1024x1024x0 minecraft:textures/atlas/gui.png-atlas
[18:22:03] [Render thread/INFO] (Minecraft) Created: 128x64x0 minecraft:textures/atlas/map_decorations.png-atlas
[18:22:03] [Render thread/INFO] (Minecraft) Created: 512x256x0 minecraft:textures/atlas/signs.png-atlas
[18:22:03] [Render thread/INFO] (Minecraft) Created: 512x512x0 minecraft:textures/atlas/shulker_boxes.png-atlas
[18:22:04] [IO-Worker-1/INFO] (Minecraft) Could not authorize you against Realms server: java.lang.RuntimeException: Failed to parse into SignedJWT: FabricMC
[18:22:04] [IO-Worker-1/ERROR] (Minecraft) Couldn't connect to realms
com.mojang.realmsclient.exception.RealmsServiceException: Realms authentication error with message 'java.lang.RuntimeException: Failed to parse into SignedJWT: FabricMC'
	at knot//com.mojang.realmsclient.client.RealmsClient.execute(RealmsClient.java:526)
	at knot//com.mojang.realmsclient.client.RealmsClient.clientCompatible(RealmsClient.java:307)
	at knot//com.mojang.realmsclient.RealmsAvailability.lambda$check$0(RealmsAvailability.java:48)
	at java.base/java.util.concurrent.CompletableFuture$AsyncSupply.run(CompletableFuture.java:1789)
	at java.base/java.util.concurrent.ThreadPoolExecutor.runWorker(ThreadPoolExecutor.java:1090)
	at java.base/java.util.concurrent.ThreadPoolExecutor$Worker.run(ThreadPoolExecutor.java:614)
	at java.base/java.lang.Thread.run(Thread.java:1474)
[18:22:07] [Render thread/INFO] (Minecraft) Loaded 1521 recipes
[18:22:07] [Render thread/INFO] (Minecraft) Loaded 1621 advancements
[18:22:07] [Render thread/INFO] (BiomeModificationImpl) Applied 0 biome modifications to 0 of 65 new biomes in 1.129 ms
[18:22:07] [Server thread/INFO] (Minecraft) Starting integrated minecraft server version 26.1
[18:22:07] [Server thread/INFO] (Minecraft) Generating keypair
[18:22:07] [Server thread/INFO] (Minecraft) Loading 0 persistent chunks...
[18:22:07] [Server thread/INFO] (Minecraft) Preparing spawn area: 16%
[18:22:07] [Server thread/INFO] (Minecraft) Saving chunks for level 'ServerLevel[New World]'/minecraft:overworld
[18:22:07] [Server thread/INFO] (Minecraft) Saving chunks for level 'ServerLevel[New World]'/minecraft:the_end
[18:22:07] [Server thread/INFO] (Minecraft) Saving chunks for level 'ServerLevel[New World]'/minecraft:the_nether
[18:22:07] [Server thread/INFO] (Minecraft) ThreadedAnvilChunkStorage (world): All chunks are saved
[18:22:07] [Server thread/INFO] (Minecraft) ThreadedAnvilChunkStorage (DIM1): All chunks are saved
[18:22:07] [Server thread/INFO] (Minecraft) ThreadedAnvilChunkStorage (DIM-1): All chunks are saved
[18:22:07] [Server thread/INFO] (Minecraft) ThreadedAnvilChunkStorage: All dimensions are saved
[18:22:07] [Server thread/WARN] (TranslationConventionLogWarnings) 
	Dev warning - Untranslated Item Tags detected. Please translate your item tags so other mods such as recipe viewers can properly display your tag's name.
	The format desired is tag.item.<namespace>.<path> for the translation key with slashes in path turned into periods.
	To disable this message, set this system property in your runs: `-Dfabric-tag-conventions-v2.missingTagTranslationWarning=SILENCED`.
	To see individual untranslated item tags found, set the system property to `-Dfabric-tag-conventions-v2.missingTagTranslationWarning=VERBOSE`.
	Default is `SHORT`.

[18:22:08] [Server thread/INFO] (Minecraft) Loading 48 chunks for player spawn...
[18:22:08] [Server thread/INFO] (Minecraft) Preparing spawn area: 16%
[18:22:08] [Server thread/INFO] (Minecraft) Time elapsed: 567 ms
[18:22:08] [Server thread/INFO] (Minecraft) Player751[local:E:3e108d85] logged in with entity id 29 at (6.5, 76.0, -9.5)
[18:22:08] [Server thread/INFO] (Minecraft) Player751 joined the game
[18:22:08] [Server thread/INFO] (Minecraft) Changing view distance to 16, from 10
[18:22:08] [Server thread/INFO] (Minecraft) Changing simulation distance to 12, from 0
[18:22:08] [Render thread/INFO] (Minecraft) Resizing Dynamic Transforms UBO, capacity limit of 2 reached during a single frame. New capacity will be 4.
[18:22:08] [Render thread/INFO] (Minecraft) Loaded 2 advancements
[18:22:08] [Render thread/INFO] (Minecraft) Resizing Dynamic Transforms UBO, capacity limit of 4 reached during a single frame. New capacity will be 8.
[18:22:08] [Render thread/INFO] (Minecraft) Resizing Chunk Sections UBO, capacity limit of 2 reached during a single frame. New capacity will be 8.
[18:22:08] [Render thread/INFO] (Minecraft) Resizing Chunk Sections UBO, capacity limit of 8 reached during a single frame. New capacity will be 16.
[18:22:08] [Render thread/INFO] (Minecraft) Resizing Chunk Sections UBO, capacity limit of 16 reached during a single frame. New capacity will be 32.
[18:22:08] [Render thread/INFO] (Minecraft) Resizing Chunk Sections UBO, capacity limit of 32 reached during a single frame. New capacity will be 64.
[18:22:08] [Render thread/INFO] (Minecraft) Resizing Chunk Sections UBO, capacity limit of 64 reached during a single frame. New capacity will be 128.
[18:22:08] [Render thread/INFO] (Minecraft) Resizing Chunk Sections UBO, capacity limit of 128 reached during a single frame. New capacity will be 256.
[18:22:09] [Render thread/INFO] (Minecraft) Resizing Chunk Sections UBO, capacity limit of 256 reached during a single frame. New capacity will be 512.
[18:22:09] [Render thread/INFO] (Minecraft) Resizing Chunk Sections UBO, capacity limit of 512 reached during a single frame. New capacity will be 1024.
[18:22:10] [Render thread/INFO] (Minecraft) Resizing Dynamic Transforms UBO, capacity limit of 8 reached during a single frame. New capacity will be 16.
[18:22:13] [Render thread/INFO] (Minecraft) Loaded 4 advancements
[18:22:15] [Render thread/INFO] (Minecraft) Loaded 7 advancements
[18:22:19] [Server thread/INFO] (Minecraft) [Player751: Set own game mode to Survival Mode]
[18:22:19] [Render thread/INFO] (Minecraft) [System] [CHAT] Set own game mode to Survival Mode
[18:22:25] [Server thread/INFO] (Minecraft) [Player751: Gave 356 experience levels to Player751]
[18:22:25] [Render thread/INFO] (Minecraft) [System] [CHAT] Gave 356 experience levels to Player751
[18:22:30] [Server thread/INFO] (Minecraft) Player751 has made the advancement [Enchanter]
[18:22:30] [Render thread/INFO] (Minecraft) [System] [CHAT] Player751 has made the advancement [Enchanter]
[18:22:30] [Render thread/INFO] (Minecraft) Loaded 14 advancements
[18:22:35] [Server thread/INFO] (Minecraft) Saving and pausing game...
[18:22:35] [Server thread/INFO] (Minecraft) Saving chunks for level 'ServerLevel[New World]'/minecraft:overworld
[18:22:35] [Server thread/INFO] (Minecraft) Saving chunks for level 'ServerLevel[New World]'/minecraft:the_end
[18:22:35] [Server thread/INFO] (Minecraft) Saving chunks for level 'ServerLevel[New World]'/minecraft:the_nether
[18:22:36] [Server thread/INFO] (Minecraft) Stopping server
[18:22:36] [Server thread/INFO] (Minecraft) Saving players
[18:22:36] [Server thread/INFO] (Minecraft) Player751 lost connection: Disconnected
[18:22:36] [Server thread/INFO] (Minecraft) Player751 left the game
[18:22:36] [Server thread/INFO] (Minecraft) Stopping singleplayer server as player logged out
[18:22:36] [Server thread/INFO] (Minecraft) Saving worlds
[18:22:36] [Server thread/INFO] (Minecraft) Saving chunks for level 'ServerLevel[New World]'/minecraft:overworld
[18:22:36] [Server thread/INFO] (Minecraft) Saving chunks for level 'ServerLevel[New World]'/minecraft:the_end
[18:22:36] [Server thread/INFO] (Minecraft) Saving chunks for level 'ServerLevel[New World]'/minecraft:the_nether
[18:22:36] [Server thread/INFO] (Minecraft) ThreadedAnvilChunkStorage (world): All chunks are saved
[18:22:36] [Server thread/INFO] (Minecraft) ThreadedAnvilChunkStorage (DIM1): All chunks are saved
[18:22:36] [Server thread/INFO] (Minecraft) ThreadedAnvilChunkStorage (DIM-1): All chunks are saved
[18:22:36] [Server thread/INFO] (Minecraft) ThreadedAnvilChunkStorage: All dimensions are saved
[18:22:36] [Render thread/INFO] (Minecraft) Stopping!
